---
source: event_macros/src/event.rs
expression: formatted
---
pub struct EventEnvelope {
    pub event: Event,
    pub span: tracing::Span,
}
#[derive(Serialize, Deserialize, Clone)]
pub enum Event {
    MyStruct { item: String, value: u32 },
}
impl std::fmt::Debug for Event {
    fn fmt(&self, f: &mut std::fmt::Formatter<'_>) -> std::fmt::Result {
        match self {
            Event::MyStruct { .. } => write!(f, stringify!(MyStruct)),
            _ => write!(f, "Unknown Event"),
        }
    }
}
impl EventHandler {
    fn test_processor_1(
        &self,
        env: EventEnvelope,
        queue: &mut ::std::collections::VecDeque<EventEnvelope>,
    ) {
        let Event::MyStruct { item, value } = env.event else {
            unreachable!();
        };
        {
            println!("Hello world!");
        }
    }
    #[tracing::instrument(skip_all, parent = &env.span)]
    async fn handle(
        &self,
        env: EventEnvelope,
        queue: &mut ::std::collections::VecDeque<EventEnvelope>,
    ) {
        use Event::*;
        tracing::debug!("handle: {:?}", env.event);
        match env.event {
            Event::MyStruct { .. } => self.test_processor_1(env, queue),
        }
    }
    async fn run(&self, mut rx: ::tokio::sync::mpsc::Receiver<EventEnvelope>) {
        let mut queue: ::std::collections::VecDeque<EventEnvelope> = ::std::collections::VecDeque::new();
        loop {
            match rx.recv().await {
                Some(envelope) => queue.push_back(envelope),
                None => {
                    tracing::error!("event channel closed unexpectedly");
                    break;
                }
            }
            while let Ok(envelope) = rx.try_recv() {
                queue.push_back(envelope);
            }
            while let Some(envelope) = queue.pop_front() {
                self.handle(envelope, &mut queue).await;
            }
        }
    }
}
